// Jest Snapshot v1, https://goo.gl/fbAQLP

exports[`should take a snapshot 1`] = `
<DocumentFragment>
  <div
    class="card"
  >
    <div
      class="video-box card-img-top"
    >
      <div>
        <iframe
          allow="accelerometer; autoplay; encrypted-media; gyroscope; picture-in-picture"
          allowfullscreen=""
          frameborder="0"
          src="https://www.youtube.com/embed/AQ7THUKx6Es"
          title="Learning Material Video"
        />
      </div>
    </div>
    <div
      class="card-body"
    >
      <h3
        class="card-title"
      >
        Basic Addition
      </h3>
      <p
        class="card-text"
      >
        This is an interesting video
      </p>
    </div>
  </div>
</DocumentFragment>
`;
