// Jest Snapshot v1, https://goo.gl/fbAQLP

exports[`should take a snapshot 1`] = `
<DocumentFragment>
  <form
    class="form"
  >
    <div
      class="form-group"
    >
      <label>
        Title
      </label>
      <input
        class="form-control"
        name="title"
        type="text"
        value=""
      />
    </div>
    <div
      class="form-group"
    >
      <label>
        Description
      </label>
      <textarea
        class="form-control"
        name="description"
      />
    </div>
    <div
      class="form-group"
    >
      <label>
        Link
      </label>
      <input
        class="form-control"
        name="link"
        type="text"
        value=""
      />
    </div>
    <div
      class="form-group mt-4"
    >
      <button
        class="btn btn-primary"
        type="submit"
      >
        Submit
      </button>
    </div>
  </form>
</DocumentFragment>
`;
