// Jest Snapshot v1, https://goo.gl/fbAQLP

exports[`should take a snapshot 1`] = `
<DocumentFragment>
  <form
    class="form"
  >
    <div
      class="form-group"
    >
      <label
        for="learningMaterial-title"
      >
        Title
      </label>
      <input
        class="form-control"
        id="learningMaterial-title"
        name="title"
        type="text"
        value=""
      />
    </div>
    <div
      class="form-group"
    >
      <label
        for="learningMaterial-description"
      >
        Description
      </label>
      <textarea
        class="form-control"
        id="learningMaterial-description"
        name="description"
      />
    </div>
    <div
      class="form-group"
    >
      <label
        for="learningMaterial-link"
      >
        Link
      </label>
      <p
        class="small text-secondary"
      >
        Must be a youtube embeded link (e.g. https://www.youtube.com/embed/AQ7THUKx6Es)
      </p>
      <input
        class="form-control"
        id="learningMaterial-link"
        name="link"
        type="text"
        value=""
      />
    </div>
    <div
      class="form-group mt-4"
    >
      <button
        class="btn btn-primary"
        type="submit"
      >
        Submit
      </button>
    </div>
  </form>
</DocumentFragment>
`;
