// Jest Snapshot v1, https://goo.gl/fbAQLP

exports[`should take a snapshot 1`] = `
<DocumentFragment>
  <div
    class="container"
  >
    <a
      class="btn btn-light mb-2"
      href="/topics/1/"
    >
      <svg
        aria-hidden="true"
        class="svg-inline--fa fa-chevron-left fa-w-10 "
        data-icon="chevron-left"
        data-prefix="fas"
        focusable="false"
        role="img"
        viewBox="0 0 320 512"
        xmlns="http://www.w3.org/2000/svg"
      >
        <path
          d="M34.52 239.03L228.87 44.69c9.37-9.37 24.57-9.37 33.94 0l22.67 22.67c9.36 9.36 9.37 24.52.04 33.9L131.49 256l154.02 154.75c9.34 9.38 9.32 24.54-.04 33.9l-22.67 22.67c-9.37 9.37-24.57 9.37-33.94 0L34.52 272.97c-9.37-9.37-9.37-24.57 0-33.94z"
          fill="currentColor"
        />
      </svg>
       Back to Topic Page
    </a>
    <h1>
      Adding 1 to 100 
      <span
        class="badge badge-success"
      >
        Playable
      </span>
    </h1>
    <p>
      Smol numbers.
    </p>
    <div
      class="mb-4"
    >
      <a
        class="btn btn-primary"
        href="/topics/1/levels/1/student-reports"
      >
        View Student Reports
      </a>
    </div>
    <h2>
      Learning Materials
    </h2>
    <div
      class="row"
    >
      <div
        class="col-lg-6 mb-4"
      >
        <div
          class="card h-100"
        >
          <div
            class="video-box card-img-top"
          >
            <div>
              <iframe
                allow="accelerometer; autoplay; encrypted-media; gyroscope; picture-in-picture"
                allowfullscreen=""
                frameborder="0"
                src="https://www.youtube.com/embed/Fe8u2I3vmHU"
                title="Learning Material Video"
              />
            </div>
          </div>
          <div
            class="card-body"
          >
            <h3
              class="card-title"
            >
              Basic addition
            </h3>
            <p
              class="card-text"
            >
              Interesting video
            </p>
          </div>
        </div>
      </div>
    </div>
    <br />
    <h2>
      Questions
    </h2>
    <div
      class="card-columns"
    >
      <div
        class="card"
      >
        <h3
          class="card-header"
        >
          1 + 1
        </h3>
        <ul
          class="list-group list-group-flush"
        >
          <li
            class="list-group-item"
          >
            1 
          </li>
          <li
            class="list-group-item"
          >
            2 
            <svg
              aria-hidden="true"
              class="svg-inline--fa fa-check fa-w-16 text-success"
              data-icon="check"
              data-prefix="fas"
              focusable="false"
              role="img"
              viewBox="0 0 512 512"
              xmlns="http://www.w3.org/2000/svg"
            >
              <path
                d="M173.898 439.404l-166.4-166.4c-9.997-9.997-9.997-26.206 0-36.204l36.203-36.204c9.997-9.998 26.207-9.998 36.204 0L192 312.69 432.095 72.596c9.997-9.997 26.207-9.997 36.204 0l36.203 36.204c9.997 9.997 9.997 26.206 0 36.204l-294.4 294.401c-9.998 9.997-26.207 9.997-36.204-.001z"
                fill="currentColor"
              />
            </svg>
          </li>
        </ul>
      </div>
    </div>
  </div>
</DocumentFragment>
`;
